[madebydesignesia.com/themes/Bookify/index.html]
[backblue.gif]
[fade.gif]
[index.html]
[madebydesignesia.com/themes/Bookify/images/icon.png]
[madebydesignesia.com/themes/Bookify/css/style.css]
[madebydesignesia.com/themes/Bookify/css/bootstrap.min.css]
[madebydesignesia.com/themes/Bookify/css/de-modern.css]
[madebydesignesia.com/themes/Bookify/index.html]
[madebydesignesia.com/themes/Bookify/images/logo-light]
[madebydesignesia.com/themes/Bookify/images/logo.png]
[madebydesignesia.com/themes/Bookify/07_modern-index.html]
[madebydesignesia.com/themes/Bookify/wide_index-3.html]
[madebydesignesia.com/themes/Bookify/wide_index.html]
[madebydesignesia.com/themes/Bookify/wide_index.html]
[madebydesignesia.com/themes/Bookify/06_clivus-index.html]
[madebydesignesia.com/themes/Bookify/06_clivus-index.html]
[madebydesignesia.com/themes/Bookify/06_clivus-index-3.html]
[madebydesignesia.com/themes/Bookify/06_clivus-index-4.html]
[madebydesignesia.com/themes/Bookify/index-1.html]
[madebydesignesia.com/themes/Bookify/index-3.html]
[madebydesignesia.com/themes/Bookify/index-4.html]
[madebydesignesia.com/themes/Bookify/index-5.html]
[madebydesignesia.com/themes/Bookify/index-6.html]
[madebydesignesia.com/themes/Bookify/index-7.html]
[madebydesignesia.com/themes/Bookify/index-8.html]
[madebydesignesia.com/themes/Bookify/index-9.html]
[madebydesignesia.com/themes/Bookify/02_dark-index.html]
[madebydesignesia.com/themes/Bookify/02_dark-index.html]
[madebydesignesia.com/themes/Bookify/02_dark-index-3.html]
[madebydesignesia.com/themes/Bookify/02_dark-index-4.html]
[madebydesignesia.com/themes/Bookify/03_grey-index.html]
[madebydesignesia.com/themes/Bookify/03_grey-index-3.html]
[madebydesignesia.com/themes/Bookify/05_black-index.html]
[madebydesignesia.com/themes/Bookify/04_retro-index.html]
[madebydesignesia.com/themes/Bookify/04_retro-index.html]
[madebydesignesia.com/themes/Bookify/explore.html]
[madebydesignesia.com/themes/Bookify/wide_explore.html]
[madebydesignesia.com/themes/Bookify/explore-2.html]
[madebydesignesia.com/themes/Bookify/explore-music-nft.html]
[madebydesignesia.com/themes/Bookify/explore-video.html]
[madebydesignesia.com/themes/Bookify/collection.html]
[madebydesignesia.com/themes/Bookify/live-auction.html]
[madebydesignesia.com/themes/Bookify/item-details.html]
[madebydesignesia.com/themes/Bookify/help-center.html]
[madebydesignesia.com/themes/Bookify/author.html]
[madebydesignesia.com/themes/Bookify/profile.html]
[madebydesignesia.com/themes/Bookify/wallet.html]
[madebydesignesia.com/themes/Bookify/create-options.html]
[madebydesignesia.com/themes/Bookify/news.html]
[madebydesignesia.com/themes/Bookify/gallery.html]
[madebydesignesia.com/themes/Bookify/login.html]
[madebydesignesia.com/themes/Bookify/login-2.html]
[madebydesignesia.com/themes/Bookify/register.html]
[madebydesignesia.com/themes/Bookify/activity.html]
[madebydesignesia.com/themes/Bookify/rankings.html]
[madebydesignesia.com/themes/Bookify/icons-elegant.html]
[madebydesignesia.com/themes/Bookify/icons-etline.html]
[madebydesignesia.com/themes/Bookify/icons-font-awesome.html]
[madebydesignesia.com/themes/Bookify/accordion.html]
[madebydesignesia.com/themes/Bookify/alerts.html]
[madebydesignesia.com/themes/Bookify/counters.html]
[madebydesignesia.com/themes/Bookify/modal.html]
[madebydesignesia.com/themes/Bookify/popover.html]
[madebydesignesia.com/themes/Bookify/pricing-table.html]
[madebydesignesia.com/themes/Bookify/progress-bar.html]
[madebydesignesia.com/themes/Bookify/tabs.html]
[madebydesignesia.com/themes/Bookify/tooltips.html]
[madebydesignesia.com/themes/Bookify/07_modern-wallet.html]
[madebydesignesia.com/themes/Bookify/07_modern-collection.html]
[madebydesignesia.com/themes/Bookify/images/carousel/crs-12.jpg]
[madebydesignesia.com/themes/Bookify/images/carousel/crs-13.jpg]
[madebydesignesia.com/themes/Bookify/images/carousel/crs-16.jpg]
[madebydesignesia.com/themes/Bookify/images/carousel/crs-17.jpg]
[madebydesignesia.com/themes/Bookify/images/carousel/crs-15.jpg]
[madebydesignesia.com/themes/Bookify/images/carousel/crs-14.jpg]
[madebydesignesia.com/themes/Bookify/images/author/author-1.jpg]
[madebydesignesia.com/themes/Bookify/images/author/author-2.jpg]
[madebydesignesia.com/themes/Bookify/images/author/author-3.jpg]
[madebydesignesia.com/themes/Bookify/images/author/author-4.jpg]
[madebydesignesia.com/themes/Bookify/images/author/author-5.jpg]
[madebydesignesia.com/themes/Bookify/images/author/author-6.jpg]
[madebydesignesia.com/themes/Bookify/images/author/author-7.jpg]
[madebydesignesia.com/themes/Bookify/images/author/author-8.jpg]
[madebydesignesia.com/themes/Bookify/images/author/author-9.jpg]
[madebydesignesia.com/themes/Bookify/images/author/author-10.jpg]
[madebydesignesia.com/themes/Bookify/images/author/author-11.jpg]
[madebydesignesia.com/themes/Bookify/images/author/author-12.jpg]
[madebydesignesia.com/themes/Bookify/07_modern-item-details.html]
[madebydesignesia.com/themes/Bookify/images/items/anim-8.webp]
[madebydesignesia.com/themes/Bookify/images/items/static-17.jpg]
[madebydesignesia.com/themes/Bookify/images/items/static-7.jpg]
[madebydesignesia.com/themes/Bookify/images/items/static-16.jpg]
[madebydesignesia.com/themes/Bookify/images/items/anim-6.webp]
[madebydesignesia.com/themes/Bookify/images/items-alt/static-9.jpg]
[madebydesignesia.com/themes/Bookify/images/items/static-20.jpg]
[madebydesignesia.com/themes/Bookify/images/items/anim-5.webp]
[madebydesignesia.com/themes/Bookify/video/sample-video-5.mp4]
[madebydesignesia.com/themes/Bookify/images/items/anim-10.webp]
[madebydesignesia.com/themes/Bookify/images/items/static-24.jpg]
[madebydesignesia.com/themes/Bookify/images/items/anim-9.webp]
[madebydesignesia.com/themes/Bookify/images/news/news-b1.jpg]
[madebydesignesia.com/themes/Bookify/news-single.html]
[madebydesignesia.com/themes/Bookify/images/news/news-b2.jpg]
[madebydesignesia.com/themes/Bookify/images/news/news-b3.jpg]
[madebydesignesia.com/themes/Bookify/images/misc/download-appstore.png]
[madebydesignesia.com/themes/Bookify/images/misc/download-playstore.png]
[madebydesignesia.com/themes/Bookify/index.html]
[madebydesignesia.com/themes/Bookify/css/bootstrap.min.css]
[madebydesignesia.com/themes/Bookify/js/designesia.js]
[madebydesignesia.com/themes/Bookify/fonts/font-awesome/css/font-awesome.css]
[madebydesignesia.com/themes/Bookify/fonts/elegant_font/HTML_CSS/style.css]
[madebydesignesia.com/themes/Bookify/fonts/et-line-font/style.css]
[madebydesignesia.com/themes/Bookify/fonts/icofont/icofont.min.css]
[madebydesignesia.com/themes/Bookify/images/background/16.jpg]
[madebydesignesia.com/themes/Bookify/images/background/18.jpg]
[madebydesignesia.com/themes/Bookify/images/ui/btn-close-light.png]
[madebydesignesia.com/themes/Bookify/images/ui/arrow-down.png]
[madebydesignesia.com/themes/Bookify/images/ui/arrow-down-light.png]
[madebydesignesia.com/themes/Bookify/images/ui/arrow-up.png]
[madebydesignesia.com/themes/Bookify/images/ui/arrow-up-light.png]
[madebydesignesia.com/themes/Bookify/css/style.css]
[madebydesignesia.com/themes/Bookify/css/colors/scheme-12.css]
[madebydesignesia.com/themes/Bookify/css/de-modern.css]
[madebydesignesia.com/themes/Bookify/css/custom-font-3.css]
[madebydesignesia.com/themes/Bookify/index.html]
[madebydesignesia.com/themes/Bookify/css/coloring-gradient.css]
[madebydesignesia.com/themes/Bookify/images/wallet/1.png]
[madebydesignesia.com/themes/Bookify/images/wallet/3.png]
[madebydesignesia.com/themes/Bookify/images/wallet/4.png]
[madebydesignesia.com/themes/Bookify/images/wallet/5.png]
[madebydesignesia.com/themes/Bookify/images/wallet/6.png]
[madebydesignesia.com/themes/Bookify/images/author/author-13.jpg]
[madebydesignesia.com/themes/Bookify/images/author/author-14.jpg]
[madebydesignesia.com/themes/Bookify/07_modern-index.html]
[madebydesignesia.com/themes/Bookify/css/mdb.min.css]
[madebydesignesia.com/themes/Bookify/css/de-grey.css]
[madebydesignesia.com/themes/Bookify/images/logo-light.png]
[madebydesignesia.com/themes/Bookify/images/logo.png]
[madebydesignesia.com/themes/Bookify/03_grey-author.html]
[madebydesignesia.com/themes/Bookify/03_grey-item-details.html]
[madebydesignesia.com/themes/Bookify/images/items-alt/static-8.jpg]
[madebydesignesia.com/themes/Bookify/item-details-audio.html]
[madebydesignesia.com/themes/Bookify/images/items/music-1.jpg]
[madebydesignesia.com/themes/Bookify/images/items/static-3.jpg]
[madebydesignesia.com/themes/Bookify/images/items/anim-4.webp]
[madebydesignesia.com/themes/Bookify/images/items/anim-2.webp]
[madebydesignesia.com/themes/Bookify/images/items/anim-1.webp]
[madebydesignesia.com/themes/Bookify/images/items/anim-3.webp]
[madebydesignesia.com/themes/Bookify/images/collections/coll-1.jpg]
[madebydesignesia.com/themes/Bookify/images/collections/coll-2.jpg]
[madebydesignesia.com/themes/Bookify/images/collections/coll-4.jpg]
[madebydesignesia.com/themes/Bookify/images/collections/coll-5.jpg]
[madebydesignesia.com/themes/Bookify/images/collections/coll-6.jpg]
[madebydesignesia.com/themes/Bookify/images/news/news-a1.jpg]
[madebydesignesia.com/themes/Bookify/images/news/news-a2.jpg]
[madebydesignesia.com/themes/Bookify/images/news/news-a3.jpg]
[madebydesignesia.com/themes/Bookify/wide_index-3.html]
[madebydesignesia.com/themes/Bookify/wide_index.html]
[madebydesignesia.com/themes/Bookify/images/items/static-1.jpg]
[madebydesignesia.com/themes/Bookify/images/items/static-2.jpg]
[madebydesignesia.com/themes/Bookify/images/items/static-4.jpg]
[madebydesignesia.com/themes/Bookify/wide_index.html]
[madebydesignesia.com/themes/Bookify/css/de-clivus.css]
[madebydesignesia.com/themes/Bookify/images/logo-5.png]
[madebydesignesia.com/themes/Bookify/03_grey-explore.html]
[madebydesignesia.com/themes/Bookify/03_grey-explore-2.html]
[madebydesignesia.com/themes/Bookify/03_grey-explore-music-nft.html]
[madebydesignesia.com/themes/Bookify/03_grey-collection.html]
[madebydesignesia.com/themes/Bookify/03_grey-live-auction.html]
[madebydesignesia.com/themes/Bookify/03_grey-help-center.html]
[madebydesignesia.com/themes/Bookify/03_grey-wallet.html]
[madebydesignesia.com/themes/Bookify/03_grey-create-options.html]
[madebydesignesia.com/themes/Bookify/03_grey-login.html]
[madebydesignesia.com/themes/Bookify/03_grey-activity.html]
[madebydesignesia.com/themes/Bookify/03_grey-rankings.html]
[madebydesignesia.com/themes/Bookify/images/carousel/crs-5.jpg]
[madebydesignesia.com/themes/Bookify/images/carousel/crs-1.jpg]
[madebydesignesia.com/themes/Bookify/images/items-alt/static-10.jpg]
[madebydesignesia.com/themes/Bookify/images/items-alt/static-7.jpg]
[madebydesignesia.com/themes/Bookify/images/items-alt/static-5.jpg]
[madebydesignesia.com/themes/Bookify/images/items-alt/static-6.jpg]
[madebydesignesia.com/themes/Bookify/js/particles.js]
[madebydesignesia.com/themes/Bookify/js/particles-settings.js]
[madebydesignesia.com/themes/Bookify/06_clivus-index.html]
[madebydesignesia.com/themes/Bookify/images/items/big-4.jpg]
[madebydesignesia.com/themes/Bookify/images/items/static-15.jpg]
[madebydesignesia.com/themes/Bookify/images/items/big-3.jpg]
[madebydesignesia.com/themes/Bookify/06_clivus-index.html]
[madebydesignesia.com/themes/Bookify/images/logo-6.png]
[madebydesignesia.com/themes/Bookify/images/misc/women-statue.png]
[madebydesignesia.com/themes/Bookify/06_clivus-index-3.html]
[madebydesignesia.com/themes/Bookify/06_clivus-index-4.html]
[madebydesignesia.com/themes/Bookify/css/coloring.css]
[madebydesignesia.com/themes/Bookify/images/misc/nft.png]
[madebydesignesia.com/themes/Bookify/index-1.html]
[madebydesignesia.com/themes/Bookify/js/cookit.js]
[madebydesignesia.com/themes/Bookify/images/items/anim-7.webp]
[madebydesignesia.com/themes/Bookify/images/items/static-6.jpg]
[madebydesignesia.com/themes/Bookify/images/items/static-8.jpg]
[madebydesignesia.com/themes/Bookify/js/particles-settings-2.js]
[madebydesignesia.com/themes/Bookify/index-3.html]
[madebydesignesia.com/themes/Bookify/index-4.html]
[madebydesignesia.com/themes/Bookify/images/carousel/crs-2.jpg]
[madebydesignesia.com/themes/Bookify/images/carousel/crs-3.jpg]
[madebydesignesia.com/themes/Bookify/images/items-alt/static-1.jpg]
[madebydesignesia.com/themes/Bookify/images/items-alt/static-2.jpg]
[madebydesignesia.com/themes/Bookify/images/items-alt/static-3.jpg]
[madebydesignesia.com/themes/Bookify/images/items-alt/static-4.jpg]
[madebydesignesia.com/themes/Bookify/images/logo-2-light.png]
[madebydesignesia.com/themes/Bookify/index-5.html]
[madebydesignesia.com/themes/Bookify/index-6.html]
[madebydesignesia.com/themes/Bookify/images/carousel/crs-7.jpg]
[madebydesignesia.com/themes/Bookify/images/carousel/crs-9.jpg]
[madebydesignesia.com/themes/Bookify/index-7.html]
[madebydesignesia.com/themes/Bookify/images/wallet/7.png]
[madebydesignesia.com/themes/Bookify/images/wallet/8.png]
[madebydesignesia.com/themes/Bookify/images/items/music-4.jpg]
[madebydesignesia.com/themes/Bookify/images/items/music-5.jpg]
[madebydesignesia.com/themes/Bookify/images/items/music-6.jpg]
[madebydesignesia.com/themes/Bookify/images/items/music-7.jpg]
[madebydesignesia.com/themes/Bookify/images/items/music-8.jpg]
[madebydesignesia.com/themes/Bookify/index-8.html]
[madebydesignesia.com/themes/Bookify/index-9.html]
[madebydesignesia.com/themes/Bookify/02_dark-explore.html]
[madebydesignesia.com/themes/Bookify/02_dark-explore-2.html]
[madebydesignesia.com/themes/Bookify/index-10.html]
[madebydesignesia.com/themes/Bookify/02_dark-explore-music-nft.html]
[madebydesignesia.com/themes/Bookify/02_dark-collection.html]
[madebydesignesia.com/themes/Bookify/02_dark-live-auction.html]
[madebydesignesia.com/themes/Bookify/02_dark-item-details.html]
[madebydesignesia.com/themes/Bookify/02_dark-help-center.html]
[madebydesignesia.com/themes/Bookify/02_dark-author.html]
[madebydesignesia.com/themes/Bookify/02_dark-wallet.html]
[madebydesignesia.com/themes/Bookify/02_dark-profile.html]
[madebydesignesia.com/themes/Bookify/02_dark-create-options.html]
[madebydesignesia.com/themes/Bookify/02_dark-news.html]
[madebydesignesia.com/themes/Bookify/02_dark-gallery.html]
[madebydesignesia.com/themes/Bookify/02_dark-login.html]
[madebydesignesia.com/themes/Bookify/02_dark-login-2.html]
[madebydesignesia.com/themes/Bookify/02_dark-contact.html]
[madebydesignesia.com/themes/Bookify/02_dark-activity.html]
[madebydesignesia.com/themes/Bookify/02_dark-icons-elegant.html]
[madebydesignesia.com/themes/Bookify/02_dark-icons-etline.html]
[madebydesignesia.com/themes/Bookify/02_dark-icons-font-awesome.html]
[madebydesignesia.com/themes/Bookify/02_dark-accordion.html]
[madebydesignesia.com/themes/Bookify/02_dark-alerts.html]
[madebydesignesia.com/themes/Bookify/02_dark-counters.html]
[madebydesignesia.com/themes/Bookify/02_dark-modal.html]
[madebydesignesia.com/themes/Bookify/02_dark-popover.html]
[madebydesignesia.com/themes/Bookify/02_dark-pricing-table.html]
[madebydesignesia.com/themes/Bookify/02_dark-progress-bar.html]
[madebydesignesia.com/themes/Bookify/02_dark-tabs.html]
[madebydesignesia.com/themes/Bookify/02_dark-tooltips.html]
[madebydesignesia.com/themes/Bookify/02_dark-index.html]
[madebydesignesia.com/themes/Bookify/02_dark-index.html]
[madebydesignesia.com/themes/Bookify/02_dark-index-3.html]
[madebydesignesia.com/themes/Bookify/02_dark-index-4.html]
[madebydesignesia.com/themes/Bookify/images/icon-red.png]
[madebydesignesia.com/themes/Bookify/03_grey-index.html]
[madebydesignesia.com/themes/Bookify/images/logo-3.png]
[madebydesignesia.com/themes/Bookify/images/carousel/crs-4.jpg]
[madebydesignesia.com/themes/Bookify/03_grey-index.html]
[madebydesignesia.com/themes/Bookify/images/misc/women-with-vr.png]
[madebydesignesia.com/themes/Bookify/03_grey-index-3.html]
[madebydesignesia.com/themes/Bookify/03_grey-index-4.html]
[madebydesignesia.com/themes/Bookify/05_black-index.html]
[madebydesignesia.com/themes/Bookify/css/de-black.css]
[madebydesignesia.com/themes/Bookify/images/logo-4.png]
[madebydesignesia.com/themes/Bookify/05_black-explore.html]
[madebydesignesia.com/themes/Bookify/05_black-explore-2.html]
[madebydesignesia.com/themes/Bookify/05_black-explore-music-nft.html]
[madebydesignesia.com/themes/Bookify/05_black-collection.html]
[madebydesignesia.com/themes/Bookify/05_black-live-auction.html]
[madebydesignesia.com/themes/Bookify/05_black-item-details.html]
[madebydesignesia.com/themes/Bookify/05_black-author.html]
[madebydesignesia.com/themes/Bookify/05_black-profile.html]
[madebydesignesia.com/themes/Bookify/05_black-wallet.html]
[madebydesignesia.com/themes/Bookify/05_black-create-options.html]
[madebydesignesia.com/themes/Bookify/05_black-login.html]
[madebydesignesia.com/themes/Bookify/images/carousel/crs-11.jpg]
[madebydesignesia.com/themes/Bookify/05_black-index.html]
[madebydesignesia.com/themes/Bookify/05_black-index-3.html]
[madebydesignesia.com/themes/Bookify/images/icon-black.png]
[madebydesignesia.com/themes/Bookify/css/de-retro.css]
[madebydesignesia.com/themes/Bookify/images/logo-retro.png]
[madebydesignesia.com/themes/Bookify/04_retro-explore.html]
[madebydesignesia.com/themes/Bookify/04_retro-explore-2.html]
[madebydesignesia.com/themes/Bookify/04_retro-explore-music-nft.html]
[madebydesignesia.com/themes/Bookify/04_retro-collection.html]
[madebydesignesia.com/themes/Bookify/04_retro-live-auction.html]
[madebydesignesia.com/themes/Bookify/04_retro-item-details.html]
[madebydesignesia.com/themes/Bookify/04_retro-help-center.html]
[madebydesignesia.com/themes/Bookify/04_retro-author.html]
[madebydesignesia.com/themes/Bookify/04_retro-profile.html]
[madebydesignesia.com/themes/Bookify/04_retro-wallet.html]
[madebydesignesia.com/themes/Bookify/04_retro-create-options.html]
[madebydesignesia.com/themes/Bookify/04_retro-activity.html]
[madebydesignesia.com/themes/Bookify/04_retro-rankings.html]
[madebydesignesia.com/themes/Bookify/images/carousel/crs-6.jpg]
[madebydesignesia.com/themes/Bookify/images/logo-retro-light.png]
[madebydesignesia.com/themes/Bookify/04_retro-index.html]
[madebydesignesia.com/themes/Bookify/04_retro-index.html]
[madebydesignesia.com/themes/Bookify/images/background/subheader.jpg]
[madebydesignesia.com/themes/Bookify/explore.html]
[madebydesignesia.com/themes/Bookify/wide_explore.html]
[madebydesignesia.com/themes/Bookify/explore-2.html]
[madebydesignesia.com/themes/Bookify/explore-music-nft.html]
[madebydesignesia.com/themes/Bookify/video/sample-video-2.mp4]
[madebydesignesia.com/themes/Bookify/video/sample-video-3.mp4]
[madebydesignesia.com/themes/Bookify/video/sample-video-4.mp4]
[madebydesignesia.com/themes/Bookify/explore-video.html]
[madebydesignesia.com/themes/Bookify/images/collections/coll-item-1.jpg]
[madebydesignesia.com/themes/Bookify/images/collections/coll-item-2.jpg]
[madebydesignesia.com/themes/Bookify/images/collections/coll-item-4.jpg]
[madebydesignesia.com/themes/Bookify/collection.html]
[madebydesignesia.com/themes/Bookify/live-auction.html]
[madebydesignesia.com/themes/Bookify/images/misc/ethereum.svg]
[madebydesignesia.com/themes/Bookify/item-details.html]
[madebydesignesia.com/themes/Bookify/help-center.html]
[madebydesignesia.com/themes/Bookify/images/logo.png]
[madebydesignesia.com/themes/Bookify/images/author_single/author_thumbnail.jpg]
[madebydesignesia.com/themes/Bookify/images/author_single/porto-1.jpg]
[madebydesignesia.com/themes/Bookify/images/author_single/porto-2.jpg]
[madebydesignesia.com/themes/Bookify/images/author_single/porto-3.jpg]
[madebydesignesia.com/themes/Bookify/images/author_single/porto-4.jpg]
[madebydesignesia.com/themes/Bookify/author.html]
[madebydesignesia.com/themes/Bookify/images/author_single/author_banner.jpg]
[madebydesignesia.com/themes/Bookify/profile.html]
[madebydesignesia.com/themes/Bookify/wallet.html]
[madebydesignesia.com/themes/Bookify/create-single.html]
[madebydesignesia.com/themes/Bookify/images/misc/coll-single.png]
[madebydesignesia.com/themes/Bookify/create-multiple.html]
[madebydesignesia.com/themes/Bookify/images/misc/coll-multiple.png]
[madebydesignesia.com/themes/Bookify/create-options.html]
[madebydesignesia.com/themes/Bookify/images/news/news-2.jpg]
[madebydesignesia.com/themes/Bookify/images/news/news-3.jpg]
[madebydesignesia.com/themes/Bookify/images/news/news-4.jpg]
[madebydesignesia.com/themes/Bookify/images/news/news-5.jpg]
[madebydesignesia.com/themes/Bookify/images/news/news-6.jpg]
[madebydesignesia.com/themes/Bookify/news.html]
[madebydesignesia.com/themes/Bookify/images/gallery/gallery-item-1.jpg]
[madebydesignesia.com/themes/Bookify/images/gallery/gallery-item-2.jpg]
[madebydesignesia.com/themes/Bookify/images/gallery/gallery-item-3.jpg]
[madebydesignesia.com/themes/Bookify/images/gallery/gallery-item-4.jpg]
[madebydesignesia.com/themes/Bookify/images/gallery/gallery-item-5.jpg]
[madebydesignesia.com/themes/Bookify/images/gallery/gallery-item-6.jpg]
[madebydesignesia.com/themes/Bookify/images/gallery/gallery-item-7.jpg]
[madebydesignesia.com/themes/Bookify/gallery.html]
[madebydesignesia.com/themes/Bookify/login.html]
[madebydesignesia.com/themes/Bookify/login-2.html]
[madebydesignesia.com/themes/Bookify/register.html]
[madebydesignesia.com/themes/Bookify/contact.html]
[madebydesignesia.com/themes/Bookify/images/items/thumbnail-7.jpg]
[madebydesignesia.com/themes/Bookify/images/items/thumbnail-5.jpg]
[madebydesignesia.com/themes/Bookify/images/items/thumbnail-6.jpg]
[madebydesignesia.com/themes/Bookify/activity.html]
[madebydesignesia.com/themes/Bookify/rankings.html]
[madebydesignesia.com/themes/Bookify/icons-elegant.html]
[madebydesignesia.com/themes/Bookify/icons-etline.html]
[madebydesignesia.com/themes/Bookify/icons-font-awesome.html]
[madebydesignesia.com/themes/Bookify/accordion.html]
[madebydesignesia.com/themes/Bookify/alerts.html]
[madebydesignesia.com/themes/Bookify/counters.html]
[madebydesignesia.com/themes/Bookify/modal.html]
[madebydesignesia.com/themes/Bookify/popover.html]
[madebydesignesia.com/themes/Bookify/pricing-table.html]
[madebydesignesia.com/themes/Bookify/progress-bar.html]
[madebydesignesia.com/themes/Bookify/tabs.html]
[madebydesignesia.com/themes/Bookify/tooltips.html]
[madebydesignesia.com/themes/Bookify/07_modern-wallet.html]
[madebydesignesia.com/themes/Bookify/url(images/background/21-alt.html]
[madebydesignesia.com/themes/Bookify/images/author/author-16.jpg]
[madebydesignesia.com/themes/Bookify/images/collections/coll-a1.jpg]
[madebydesignesia.com/themes/Bookify/images/collections/coll-a2.jpg]
[madebydesignesia.com/themes/Bookify/images/collections/coll-a3.jpg]
[madebydesignesia.com/themes/Bookify/images/collections/coll-a4.jpg]
[madebydesignesia.com/themes/Bookify/07_modern-collection.html]
[madebydesignesia.com/themes/Bookify/images/items/big-6.jpg]
[madebydesignesia.com/themes/Bookify/images/collections/coll-thumbnail-3.jpg]
[madebydesignesia.com/themes/Bookify/07_modern-item-details.html]
[madebydesignesia.com/themes/Bookify/grey-author.html]
[madebydesignesia.com/themes/Bookify/images/items/static-22.jpg]
[madebydesignesia.com/themes/Bookify/images/items/static-9.jpg]
[madebydesignesia.com/themes/Bookify/images/items/static-5.jpg]
[madebydesignesia.com/themes/Bookify/images/items/static-23.jpg]
[madebydesignesia.com/themes/Bookify/images/items/static-21.jpg]
[madebydesignesia.com/themes/Bookify/images/news/big.jpg]
[madebydesignesia.com/themes/Bookify/images/misc/avatar-2.jpg]
[madebydesignesia.com/themes/Bookify/news-single.html]
[madebydesignesia.com/themes/Bookify/fonts/font-awesome/fonts/fontawesome-webfont3e6e.eot]
[madebydesignesia.com/themes/Bookify/css/plugins.css]
[madebydesignesia.com/themes/Bookify/fonts/font-awesome/fonts/fontawesome-webfontd41d.eot]
[madebydesignesia.com/themes/Bookify/js/plugins.js]
[madebydesignesia.com/themes/Bookify/fonts/font-awesome/fonts/fontawesome-webfont3e6e.woff]
[madebydesignesia.com/themes/Bookify/fonts/font-awesome/fonts/fontawesome-webfont3e6e.ttf]
[madebydesignesia.com/themes/Bookify/fonts/font-awesome/css/font-awesome.css]
[madebydesignesia.com/themes/Bookify/fonts/elegant_font/HTML_CSS/fonts/ElegantIcons.eot]
[madebydesignesia.com/themes/Bookify/fonts/elegant_font/HTML_CSS/fonts/ElegantIconsd41d.eot]
[madebydesignesia.com/themes/Bookify/fonts/elegant_font/HTML_CSS/fonts/ElegantIcons.woff]
[madebydesignesia.com/themes/Bookify/fonts/elegant_font/HTML_CSS/style.css]
[madebydesignesia.com/themes/Bookify/fonts/et-line-font/fonts/et-line.eot]
[madebydesignesia.com/themes/Bookify/fonts/elegant_font/HTML_CSS/fonts/ElegantIcons.svg]
[madebydesignesia.com/themes/Bookify/fonts/et-line-font/fonts/et-lined41d.eot]
[madebydesignesia.com/themes/Bookify/fonts/font-awesome/fonts/fontawesome-webfont3e6e.svg]
[madebydesignesia.com/themes/Bookify/fonts/et-line-font/fonts/et-line.woff]
[madebydesignesia.com/themes/Bookify/fonts/et-line-font/fonts/et-line.ttf]
[madebydesignesia.com/themes/Bookify/fonts/et-line-font/style.css]
[madebydesignesia.com/themes/Bookify/fonts/et-line-font/fonts/et-line.svg]
[madebydesignesia.com/themes/Bookify/fonts/icofont/fonts/icofont.woff2]
[madebydesignesia.com/themes/Bookify/fonts/icofont/icofont.min.css]
[madebydesignesia.com/themes/Bookify/images/ui/arrow-down-form.html]
[madebydesignesia.com/themes/Bookify/images/ui/arrow-down-form-hover.html]
[madebydesignesia.com/themes/Bookify/images/dotted.html]
[madebydesignesia.com/themes/Bookify/images/icon-slide-plus.html]
[madebydesignesia.com/themes/Bookify/images/close.html]
[madebydesignesia.com/themes/Bookify/images/close-2.html]
[madebydesignesia.com/themes/Bookify/images/icon-url.html]
[madebydesignesia.com/themes/Bookify/images/icon-zoom.html]
[madebydesignesia.com/themes/Bookify/images/list-arrow.html]
[madebydesignesia.com/themes/Bookify/images/background/bg-header.html]
[madebydesignesia.com/themes/Bookify/images/page-loader.html]
[madebydesignesia.com/themes/Bookify/css/coloring-gradient.css]
[madebydesignesia.com/themes/Bookify/images/wallet/2.png]
[madebydesignesia.com/themes/Bookify/images/author/author-15.jpg]
[mdbootstrap.com/img/svg/flags.png]
[madebydesignesia.com/themes/Bookify/css/mdb.min.css]
[madebydesignesia.com/themes/Bookify/css/de-grey.css]
[madebydesignesia.com/themes/Bookify/03_grey-author.html]
[madebydesignesia.com/themes/Bookify/03_grey-item-details.html]
[madebydesignesia.com/themes/Bookify/images/collections/coll-thumbnail-2.jpg]
[madebydesignesia.com/themes/Bookify/item-details-audio.html]
[madebydesignesia.com/themes/Bookify/css/de-clivus.css]
[madebydesignesia.com/themes/Bookify/03_grey-explore.html]
[madebydesignesia.com/themes/Bookify/03_grey-explore-2.html]
[madebydesignesia.com/themes/Bookify/03_grey-item-details-audio.html]
[madebydesignesia.com/themes/Bookify/03_grey-explore-music-nft.html]
[madebydesignesia.com/themes/Bookify/video/sample-video-1.mp4]
[madebydesignesia.com/themes/Bookify/images/collections/coll-3.jpg]
[madebydesignesia.com/themes/Bookify/03_grey-collection.html]
[madebydesignesia.com/themes/Bookify/03_grey-live-auction.html]
[madebydesignesia.com/themes/Bookify/03_grey-help-center.html]
[madebydesignesia.com/themes/Bookify/03_grey-wallet.html]
[madebydesignesia.com/themes/Bookify/03_grey-profile.html]
[madebydesignesia.com/themes/Bookify/03_grey-create-single.html]
[madebydesignesia.com/themes/Bookify/images/misc/grey-coll-single.png]
[madebydesignesia.com/themes/Bookify/03_grey-create-multiple.html]
[madebydesignesia.com/themes/Bookify/images/misc/grey-coll-multiple.png]
[madebydesignesia.com/themes/Bookify/03_grey-create-options.html]
[madebydesignesia.com/themes/Bookify/03_grey-login.html]
[madebydesignesia.com/themes/Bookify/03_grey-activity.html]
[madebydesignesia.com/themes/Bookify/03_grey-rankings.html]
[madebydesignesia.com/themes/Bookify/css/custom-font-1.css]
[madebydesignesia.com/themes/Bookify/css/colors/scheme-09.css]
[madebydesignesia.com/themes/Bookify/css/colors/scheme-01.css]
[madebydesignesia.com/themes/Bookify/css/coloring.css]
[madebydesignesia.com/themes/Bookify/css/colors/scheme-03.css]
[madebydesignesia.com/themes/Bookify/images/carousel/crs-8.jpg]
[madebydesignesia.com/themes/Bookify/images/items/music-2.jpg]
[madebydesignesia.com/themes/Bookify/images/items/music-3.jpg]
[madebydesignesia.com/themes/Bookify/index-10.html]
[madebydesignesia.com/themes/Bookify/css/colors/scheme-02.css]
[madebydesignesia.com/themes/Bookify/02_dark-explore.html]
[madebydesignesia.com/themes/Bookify/02_dark-explore-2.html]
[madebydesignesia.com/themes/Bookify/images/logo-2.png]
[madebydesignesia.com/themes/Bookify/02_dark-explore-music-nft.html]
[madebydesignesia.com/themes/Bookify/02_dark-collection.html]
[madebydesignesia.com/themes/Bookify/02_dark-live-auction.html]
[madebydesignesia.com/themes/Bookify/02_dark-item-details.html]
[madebydesignesia.com/themes/Bookify/02_dark-help-center.html]
[madebydesignesia.com/themes/Bookify/02_dark-author.html]
[madebydesignesia.com/themes/Bookify/02_dark-wallet.html]
[madebydesignesia.com/themes/Bookify/02_dark-profile.html]
[madebydesignesia.com/themes/Bookify/02_dark-item-details-audio.html]
[madebydesignesia.com/themes/Bookify/02_dark-create-single.html]
[madebydesignesia.com/themes/Bookify/images/misc/dark-coll-single.png]
[madebydesignesia.com/themes/Bookify/02_dark-create-multiple.html]
[madebydesignesia.com/themes/Bookify/images/misc/dark-coll-multiple.png]
[madebydesignesia.com/themes/Bookify/02_dark-create-options.html]
[madebydesignesia.com/themes/Bookify/02_dark-news-single.html]
[madebydesignesia.com/themes/Bookify/02_dark-news.html]
[madebydesignesia.com/themes/Bookify/02_dark-gallery.html]
[madebydesignesia.com/themes/Bookify/02_dark-login.html]
[madebydesignesia.com/themes/Bookify/02_dark-login-2.html]
[madebydesignesia.com/themes/Bookify/02_dark-contact.html]
[madebydesignesia.com/themes/Bookify/02_dark-activity.html]
[madebydesignesia.com/themes/Bookify/02_dark-icons-elegant.html]
[madebydesignesia.com/themes/Bookify/02_dark-icons-etline.html]
[madebydesignesia.com/themes/Bookify/02_dark-icons-font-awesome.html]
[madebydesignesia.com/themes/Bookify/02_dark-accordion.html]
[madebydesignesia.com/themes/Bookify/02_dark-alerts.html]
[madebydesignesia.com/themes/Bookify/02_dark-counters.html]
[madebydesignesia.com/themes/Bookify/02_dark-modal.html]
[madebydesignesia.com/themes/Bookify/02_dark-popover.html]
[madebydesignesia.com/themes/Bookify/02_dark-pricing-table.html]
[madebydesignesia.com/themes/Bookify/02_dark-progress-bar.html]
[madebydesignesia.com/themes/Bookify/02_dark-tabs.html]
[madebydesignesia.com/themes/Bookify/02_dark-tooltips.html]
[madebydesignesia.com/themes/Bookify/03_grey-index.html]
[madebydesignesia.com/themes/Bookify/css/colors/scheme-04.css]
[madebydesignesia.com/themes/Bookify/03_grey-index-4.html]
[madebydesignesia.com/themes/Bookify/05_black-index.html]
[madebydesignesia.com/themes/Bookify/css/colors/scheme-06.css]
[madebydesignesia.com/themes/Bookify/css/de-black.css]
[madebydesignesia.com/themes/Bookify/05_black-explore.html]
[madebydesignesia.com/themes/Bookify/05_black-explore-2.html]
[madebydesignesia.com/themes/Bookify/02_dark-register.html]
[madebydesignesia.com/themes/Bookify/images/icon-yellow.png]
[madebydesignesia.com/themes/Bookify/05_black-explore-music-nft.html]
[madebydesignesia.com/themes/Bookify/05_black-collection.html]
[madebydesignesia.com/themes/Bookify/05_black-live-auction.html]
[madebydesignesia.com/themes/Bookify/05_black-item-details.html]
[madebydesignesia.com/themes/Bookify/05_black-author.html]
[madebydesignesia.com/themes/Bookify/05_black-profile.html]
[madebydesignesia.com/themes/Bookify/05_black-wallet.html]
[madebydesignesia.com/themes/Bookify/05_black-item-details-audio.html]
[madebydesignesia.com/themes/Bookify/05_black-help-center.html]
[madebydesignesia.com/themes/Bookify/05_black-create-single.html]
[madebydesignesia.com/themes/Bookify/images/misc/black-coll-single.png]
[madebydesignesia.com/themes/Bookify/05_black-create-multiple.html]
[madebydesignesia.com/themes/Bookify/05_black-create-options.html]
[madebydesignesia.com/themes/Bookify/05_black-login.html]
[madebydesignesia.com/themes/Bookify/05_black-activity.html]
[madebydesignesia.com/themes/Bookify/05_black-index-3.html]
[madebydesignesia.com/themes/Bookify/css/de-retro.css]
[madebydesignesia.com/themes/Bookify/css/colors/scheme-05.css]
[madebydesignesia.com/themes/Bookify/04_retro-explore.html]
[madebydesignesia.com/themes/Bookify/04_retro-explore-2.html]
[madebydesignesia.com/themes/Bookify/images/carousel/crs-10.jpg]
[madebydesignesia.com/themes/Bookify/05_black-rankings.html]
[madebydesignesia.com/themes/Bookify/04_retro-explore-music-nft.html]
[madebydesignesia.com/themes/Bookify/04_retro-collection.html]
[madebydesignesia.com/themes/Bookify/04_retro-item-details-audio.html]
[madebydesignesia.com/themes/Bookify/04_retro-live-auction.html]
[madebydesignesia.com/themes/Bookify/04_retro-item-details.html]
[madebydesignesia.com/themes/Bookify/04_retro-help-center.html]
[madebydesignesia.com/themes/Bookify/04_retro-author.html]
[madebydesignesia.com/themes/Bookify/04_retro-profile.html]
[madebydesignesia.com/themes/Bookify/04_retro-wallet.html]
[madebydesignesia.com/themes/Bookify/04_retro-create-single.html]
[madebydesignesia.com/themes/Bookify/images/misc/retro-coll-single.png]
[madebydesignesia.com/themes/Bookify/04_retro-create-multiple.html]
[madebydesignesia.com/themes/Bookify/images/misc/retro-coll-multiple.png]
[madebydesignesia.com/themes/Bookify/04_retro-create-options.html]
[madebydesignesia.com/themes/Bookify/04_retro-activity.html]
[madebydesignesia.com/themes/Bookify/04_retro-rankings.html]
[madebydesignesia.com/themes/Bookify/04_retro-login.html]
[madebydesignesia.com/themes/Bookify/images/collections/coll-thumbnail-1.jpg]
[madebydesignesia.com/themes/Bookify/images/misc/ethereum.svg]
[madebydesignesia.com/themes/Bookify/create-single.html]
[madebydesignesia.com/themes/Bookify/create-multiple.html]
[madebydesignesia.com/themes/Bookify/images/news/news-1.jpg]
[madebydesignesia.com/themes/Bookify/contact.html]
[madebydesignesia.com/themes/Bookify/images/items/thumbnail-2.jpg]
[madebydesignesia.com/themes/Bookify/images/items/thumbnail-4.jpg]
[madebydesignesia.com/themes/Bookify/css/plugins.css]
[madebydesignesia.com/themes/Bookify/images/collections/coll-item-3.jpg]
[madebydesignesia.com/themes/Bookify/fonts/font-awesome/fonts/fontawesome-webfont3e6e.svg]
[madebydesignesia.com/themes/Bookify/fonts/font-awesome/fonts/fontawesome-webfont3e6e.woff2]
[madebydesignesia.com/themes/Bookify/fonts/elegant_font/HTML_CSS/fonts/ElegantIcons.ttf]
[madebydesignesia.com/themes/Bookify/fonts/elegant_font/HTML_CSS/fonts/ElegantIcons.svg]
[madebydesignesia.com/themes/Bookify/fonts/et-line-font/fonts/et-line.svg]
[madebydesignesia.com/themes/Bookify/images/icon-slide-min.png]
[madebydesignesia.com/themes/Bookify/css/colors/scheme-08.css]
[madebydesignesia.com/themes/Bookify/fonts/icofont/fonts/icofont.woff]
[madebydesignesia.com/themes/Bookify/images/items/big-5.jpg]
[madebydesignesia.com/themes/Bookify/css/colors/scheme-07.css]
[madebydesignesia.com/themes/Bookify/03_grey-item-details-audio.html]
[madebydesignesia.com/themes/Bookify/css/bootstrap-grid.min.html]
[madebydesignesia.com/themes/Bookify/css/bootstrap-reboot.min.html]
[madebydesignesia.com/themes/Bookify/css/animate.html]
[madebydesignesia.com/themes/Bookify/css/owl.carousel.html]
[madebydesignesia.com/themes/Bookify/css/owl.theme.html]
[madebydesignesia.com/themes/Bookify/css/owl.transitions.html]
[madebydesignesia.com/themes/Bookify/css/magnific-popup.html]
[madebydesignesia.com/themes/Bookify/css/jquery.countdown.html]
[madebydesignesia.com/themes/Bookify/03_grey-profile.html]
[madebydesignesia.com/themes/Bookify/03_grey-create-single.html]
[madebydesignesia.com/themes/Bookify/03_grey-create-multiple.html]
[madebydesignesia.com/themes/Bookify/02_dark-item-details-audio.html]
[madebydesignesia.com/themes/Bookify/02_dark-create-single.html]
[madebydesignesia.com/themes/Bookify/02_dark-create-multiple.html]
[madebydesignesia.com/themes/Bookify/02_dark-news-single.html]
[madebydesignesia.com/themes/Bookify/02_dark-register.html]
[madebydesignesia.com/themes/Bookify/05_black-item-details-audio.html]
[madebydesignesia.com/themes/Bookify/05_black-help-center.html]
[madebydesignesia.com/themes/Bookify/05_black-create-single.html]
[madebydesignesia.com/themes/Bookify/05_black-create-multiple.html]
[madebydesignesia.com/themes/Bookify/05_black-activity.html]
[madebydesignesia.com/themes/Bookify/05_black-rankings.html]
[madebydesignesia.com/themes/Bookify/02_dark-rankings.html]
[madebydesignesia.com/themes/Bookify/04_retro-item-details-audio.html]
[madebydesignesia.com/themes/Bookify/video/sample-video-1.mp4]
[madebydesignesia.com/themes/Bookify/04_retro-create-single.html]
[madebydesignesia.com/themes/Bookify/04_retro-create-multiple.html]
[madebydesignesia.com/themes/Bookify/04_retro-login.html]
[madebydesignesia.com/themes/Bookify/css/owl.video.play.html]
[madebydesignesia.com/themes/Bookify/images/misc/black-coll-multiple.png]
[madebydesignesia.com/themes/Bookify/05_black-news-single.html]
[madebydesignesia.com/themes/Bookify/02_dark-02_dark-author.html]
[madebydesignesia.com/themes/Bookify/02_dark-rankings.html]
[madebydesignesia.com/themes/Bookify/05_black-news-single.html]
[madebydesignesia.com/themes/Bookify/04_retro-04_grey-author.html]
